// Jest Snapshot v1, https://goo.gl/fbAQLP

exports[`<Hello /> should render to DOM 1`] = `
<DocumentFragment>
  <h1
    class="Hello__Title-dz5c7s-0 kCTxqR"
  >
    Hello from NextJS!
  </h1>
</DocumentFragment>
`;
